Sparc publisher queue
----------------------------
A simple queue publisher based on zc.queue

Create an entity that will be published
>>> from zope.component import createObject
>>> entity = createObject(u'sparc.entity.entity', id='entity1')

Create a queue
>>> from sparc.publish import IPublisher, IPublisherQueue
>>> from zc.queue import Queue
>>> zc_queue = Queue()
>>> queue = IPublisherQueue(zc_queue)

The queue has not yet been published
>>> from zope.component.eventtesting import getEvents
>>> from sparc.publish import IPublisherQueuePublishedEvent
>>> getEvents(IPublisherQueuePublishedEvent)
[]

Add invalid item into the queue
>>> try:
...     queue.enqueue(object())
...     assert(False)
... except TypeError:
...     assert(True)

Add entity into the queue
>>> queue.enqueue(entity)
>>> len(zc_queue)
1
>>> IPublisher(entity).published()
False

Publish the queue
>>> getEvents(IPublisherQueuePublishedEvent)
[]
>>> len(queue.publish())
1
>>> IPublisher(entity).published()
True
>>> len(getEvents(IPublisherQueuePublishedEvent))
1